*** EVALUATION ***
PROGRAM "C:\Users\Mon-Win7\Desktop\小车\根据拨码开关改速度\bin\Project.abs"

*********************************************************************************************
TARGET SECTION
---------------------------------------------------------------------------------------------
Processor   : Freescale HC12
Memory Model: BANKED
File Format : ELF\DWARF 2.0
Linker      : SmartLinker V-5.0.40 Build 10203, Jul 23 2010

*********************************************************************************************
FILE SECTION
---------------------------------------------------------------------------------------------
MC9S12XS128.c.o                         Model: BANKED,        Lang: ANSI-C
main.c.o                                Model: BANKED,        Lang: ANSI-C
Start12.c.o                             Model: BANKED,        Lang: ANSI-C
rtshc12.c.o (ansixbi.lib)               Model: BANKED,        Lang: ANSI-C
oled.c.o                                Model: BANKED,        Lang: ANSI-C
SCI.c.o                                 Model: BANKED,        Lang: ANSI-C
variable.c.o                            Model: BANKED,        Lang: ANSI-C
CCD.c.o                                 Model: BANKED,        Lang: ANSI-C
Angle_Control.c.o                       Model: BANKED,        Lang: ANSI-C
Speed_Control.c.o                       Model: BANKED,        Lang: ANSI-C
PIT.c.o                                 Model: BANKED,        Lang: ANSI-C
PWM.c.o                                 Model: BANKED,        Lang: ANSI-C
ADC.c.o                                 Model: BANKED,        Lang: ANSI-C
PLL.c.o                                 Model: BANKED,        Lang: ANSI-C
MATH.C.o (ansixb.lib)                   Model: BANKED,        Lang: ANSI-C
DANSI.C.o (ansixb.lib)                  Model: BANKED,        Lang: ANSI-C
FADD.C.o (ansixb.lib)                   Model: BANKED,        Lang: ANSI-C
FANSI.C.o (ansixb.lib)                  Model: BANKED,        Lang: ANSI-C
FCMP.C.o (ansixb.lib)                   Model: BANKED,        Lang: ANSI-C
FCONV.C.o (ansixb.lib)                  Model: BANKED,        Lang: ANSI-C
FMUL.C.o (ansixb.lib)                   Model: BANKED,        Lang: ANSI-C
FREGS.C.o (ansixb.lib)                  Model: BANKED,        Lang: ANSI-C
VREGS.C.o (ansixb.lib)                  Model: BANKED,        Lang: ANSI-C
Check_Line.c.o                          Model: BANKED,        Lang: ANSI-C
Key.c.o                                 Model: BANKED,        Lang: ANSI-C
Direction_Control.c.o                   Model: BANKED,        Lang: ANSI-C

*********************************************************************************************
STARTUP SECTION
---------------------------------------------------------------------------------------------
Entry point: 0xC000 (_Startup)
_startupData is allocated at 0xC00F and uses 6 Bytes
extern struct _tagStartup {
  unsigned nofZeroOut     1
  _Range   pZeroOut       0x2100     677
  _Copy    *toCopyDownBeg 0xCD14
} _startupData;

*********************************************************************************************
SECTION-ALLOCATION SECTION
Section Name                    Size  Type     From       To       Segment
---------------------------------------------------------------------------------------------
.init                             15     R     0xC000     0xC00E   ROM_C000
.startData                        10     R     0xC00F     0xC018   ROM_C000
.rodata                         1769     R     0xC019     0xC701   ROM_C000
.rodata1                         155     R     0xC702     0xC79C   ROM_C000
NON_BANKED                      1399     R     0xC79D     0xCD13   ROM_C000
.copy                            103     R     0xCD14     0xCD7A   ROM_C000
.text                           9801     R   0xFE8000   0xFEA648   PAGE_FE
.stack                           256   R/W     0x2000     0x20FF   RAM
.data                            104   R/W     0x2100     0x2167   RAM
.abs_section_8                     1   N/I        0x8        0x8   .absSeg0
.abs_section_9                     1   N/I        0x9        0x9   .absSeg1
.abs_section_b                     1   N/I        0xB        0xB   .absSeg2
.abs_section_c                     1   N/I        0xC        0xC   .absSeg3
.abs_section_d                     1   N/I        0xD        0xD   .absSeg4
.abs_section_10                    1   N/I       0x10       0x10   .absSeg5
.abs_section_11                    1   N/I       0x11       0x11   .absSeg6
.abs_section_13                    1   N/I       0x13       0x13   .absSeg7
.abs_section_15                    1   N/I       0x15       0x15   .absSeg8
.abs_section_16                    1   N/I       0x16       0x16   .absSeg9
.abs_section_17                    1   N/I       0x17       0x17   .absSeg10
.abs_section_1c                    1   N/I       0x1C       0x1C   .absSeg11
.abs_section_1e                    1   N/I       0x1E       0x1E   .absSeg12
.abs_section_20                    1   N/I       0x20       0x20   .absSeg13
.abs_section_21                    1   N/I       0x21       0x21   .absSeg14
.abs_section_22                    1   N/I       0x22       0x22   .absSeg15
.abs_section_23                    1   N/I       0x23       0x23   .absSeg16
.abs_section_26                    1   N/I       0x26       0x26   .absSeg17
.abs_section_27                    1   N/I       0x27       0x27   .absSeg18
.abs_section_28                    1   N/I       0x28       0x28   .absSeg19
.abs_section_29                    1   N/I       0x29       0x29   .absSeg20
.abs_section_2a                    1   N/I       0x2A       0x2A   .absSeg21
.abs_section_2b                    1   N/I       0x2B       0x2B   .absSeg22
.abs_section_2c                    1   N/I       0x2C       0x2C   .absSeg23
.abs_section_2d                    1   N/I       0x2D       0x2D   .absSeg24
.abs_section_2e                    1   N/I       0x2E       0x2E   .absSeg25
.abs_section_2f                    1   N/I       0x2F       0x2F   .absSeg26
.abs_section_32                    1   N/I       0x32       0x32   .absSeg27
.abs_section_33                    1   N/I       0x33       0x33   .absSeg28
.abs_section_34                    1   N/I       0x34       0x34   .absSeg29
.abs_section_35                    1   N/I       0x35       0x35   .absSeg30
.abs_section_36                    1   N/I       0x36       0x36   .absSeg31
.abs_section_37                    1   N/I       0x37       0x37   .absSeg32
.abs_section_38                    1   N/I       0x38       0x38   .absSeg33
.abs_section_39                    1   N/I       0x39       0x39   .absSeg34
.abs_section_3a                    1   N/I       0x3A       0x3A   .absSeg35
.abs_section_3b                    1   N/I       0x3B       0x3B   .absSeg36
.abs_section_3c                    1   N/I       0x3C       0x3C   .absSeg37
.abs_section_3f                    1   N/I       0x3F       0x3F   .absSeg38
.abs_section_40                    1   N/I       0x40       0x40   .absSeg39
.abs_section_41                    1   N/I       0x41       0x41   .absSeg40
.abs_section_42                    1   N/I       0x42       0x42   .absSeg41
.abs_section_43                    1   N/I       0x43       0x43   .absSeg42
.abs_section_46                    1   N/I       0x46       0x46   .absSeg43
.abs_section_47                    1   N/I       0x47       0x47   .absSeg44
.abs_section_48                    1   N/I       0x48       0x48   .absSeg45
.abs_section_49                    1   N/I       0x49       0x49   .absSeg46
.abs_section_4a                    1   N/I       0x4A       0x4A   .absSeg47
.abs_section_4b                    1   N/I       0x4B       0x4B   .absSeg48
.abs_section_4c                    1   N/I       0x4C       0x4C   .absSeg49
.abs_section_4d                    1   N/I       0x4D       0x4D   .absSeg50
.abs_section_4e                    1   N/I       0x4E       0x4E   .absSeg51
.abs_section_4f                    1   N/I       0x4F       0x4F   .absSeg52
.abs_section_60                    1   N/I       0x60       0x60   .absSeg53
.abs_section_61                    1   N/I       0x61       0x61   .absSeg54
.abs_section_6c                    1   N/I       0x6C       0x6C   .absSeg55
.abs_section_6e                    1   N/I       0x6E       0x6E   .absSeg56
.abs_section_ca                    1   N/I       0xCA       0xCA   .absSeg57
.abs_section_cb                    1   N/I       0xCB       0xCB   .absSeg58
.abs_section_cc                    1   N/I       0xCC       0xCC   .absSeg59
.abs_section_cd                    1   N/I       0xCD       0xCD   .absSeg60
.abs_section_ce                    1   N/I       0xCE       0xCE   .absSeg61
.abs_section_cf                    1   N/I       0xCF       0xCF   .absSeg62
.abs_section_d2                    1   N/I       0xD2       0xD2   .absSeg63
.abs_section_d3                    1   N/I       0xD3       0xD3   .absSeg64
.abs_section_d4                    1   N/I       0xD4       0xD4   .absSeg65
.abs_section_d5                    1   N/I       0xD5       0xD5   .absSeg66
.abs_section_d6                    1   N/I       0xD6       0xD6   .absSeg67
.abs_section_d7                    1   N/I       0xD7       0xD7   .absSeg68
.abs_section_d8                    1   N/I       0xD8       0xD8   .absSeg69
.abs_section_d9                    1   N/I       0xD9       0xD9   .absSeg70
.abs_section_da                    1   N/I       0xDA       0xDA   .absSeg71
.abs_section_db                    1   N/I       0xDB       0xDB   .absSeg72
.abs_section_100                   1   N/I      0x100      0x100   .absSeg73
.abs_section_101                   1   N/I      0x101      0x101   .absSeg74
.abs_section_102                   1   N/I      0x102      0x102   .absSeg75
.abs_section_103                   1   N/I      0x103      0x103   .absSeg76
.abs_section_104                   1   N/I      0x104      0x104   .absSeg77
.abs_section_105                   1   N/I      0x105      0x105   .absSeg78
.abs_section_106                   1   N/I      0x106      0x106   .absSeg79
.abs_section_107                   1   N/I      0x107      0x107   .absSeg80
.abs_section_108                   1   N/I      0x108      0x108   .absSeg81
.abs_section_109                   1   N/I      0x109      0x109   .absSeg82
.abs_section_110                   1   N/I      0x110      0x110   .absSeg83
.abs_section_121                   1   N/I      0x121      0x121   .absSeg84
.abs_section_126                   1   N/I      0x126      0x126   .absSeg85
.abs_section_127                   1   N/I      0x127      0x127   .absSeg86
.abs_section_128                   1   N/I      0x128      0x128   .absSeg87
.abs_section_129                   1   N/I      0x129      0x129   .absSeg88
.abs_section_12a                   1   N/I      0x12A      0x12A   .absSeg89
.abs_section_12b                   1   N/I      0x12B      0x12B   .absSeg90
.abs_section_12c                   1   N/I      0x12C      0x12C   .absSeg91
.abs_section_12d                   1   N/I      0x12D      0x12D   .absSeg92
.abs_section_12e                   1   N/I      0x12E      0x12E   .absSeg93
.abs_section_12f                   1   N/I      0x12F      0x12F   .absSeg94
.abs_section_140                   1   N/I      0x140      0x140   .absSeg95
.abs_section_141                   1   N/I      0x141      0x141   .absSeg96
.abs_section_142                   1   N/I      0x142      0x142   .absSeg97
.abs_section_143                   1   N/I      0x143      0x143   .absSeg98
.abs_section_144                   1   N/I      0x144      0x144   .absSeg99
.abs_section_145                   1   N/I      0x145      0x145   .absSeg100
.abs_section_146                   1   N/I      0x146      0x146   .absSeg101
.abs_section_147                   1   N/I      0x147      0x147   .absSeg102
.abs_section_148                   1   N/I      0x148      0x148   .absSeg103
.abs_section_149                   1   N/I      0x149      0x149   .absSeg104
.abs_section_14a                   1   N/I      0x14A      0x14A   .absSeg105
.abs_section_14b                   1   N/I      0x14B      0x14B   .absSeg106
.abs_section_14d                   1   N/I      0x14D      0x14D   .absSeg107
.abs_section_14e                   1   N/I      0x14E      0x14E   .absSeg108
.abs_section_14f                   1   N/I      0x14F      0x14F   .absSeg109
.abs_section_150                   1   N/I      0x150      0x150   .absSeg110
.abs_section_151                   1   N/I      0x151      0x151   .absSeg111
.abs_section_152                   1   N/I      0x152      0x152   .absSeg112
.abs_section_153                   1   N/I      0x153      0x153   .absSeg113
.abs_section_154                   1   N/I      0x154      0x154   .absSeg114
.abs_section_155                   1   N/I      0x155      0x155   .absSeg115
.abs_section_156                   1   N/I      0x156      0x156   .absSeg116
.abs_section_157                   1   N/I      0x157      0x157   .absSeg117
.abs_section_158                   1   N/I      0x158      0x158   .absSeg118
.abs_section_159                   1   N/I      0x159      0x159   .absSeg119
.abs_section_15a                   1   N/I      0x15A      0x15A   .absSeg120
.abs_section_15b                   1   N/I      0x15B      0x15B   .absSeg121
.abs_section_15c                   1   N/I      0x15C      0x15C   .absSeg122
.abs_section_15d                   1   N/I      0x15D      0x15D   .absSeg123
.abs_section_15e                   1   N/I      0x15E      0x15E   .absSeg124
.abs_section_15f                   1   N/I      0x15F      0x15F   .absSeg125
.abs_section_160                   1   N/I      0x160      0x160   .absSeg126
.abs_section_161                   1   N/I      0x161      0x161   .absSeg127
.abs_section_162                   1   N/I      0x162      0x162   .absSeg128
.abs_section_163                   1   N/I      0x163      0x163   .absSeg129
.abs_section_164                   1   N/I      0x164      0x164   .absSeg130
.abs_section_165                   1   N/I      0x165      0x165   .absSeg131
.abs_section_166                   1   N/I      0x166      0x166   .absSeg132
.abs_section_167                   1   N/I      0x167      0x167   .absSeg133
.abs_section_168                   1   N/I      0x168      0x168   .absSeg134
.abs_section_169                   1   N/I      0x169      0x169   .absSeg135
.abs_section_16a                   1   N/I      0x16A      0x16A   .absSeg136
.abs_section_16b                   1   N/I      0x16B      0x16B   .absSeg137
.abs_section_16c                   1   N/I      0x16C      0x16C   .absSeg138
.abs_section_170                   1   N/I      0x170      0x170   .absSeg139
.abs_section_171                   1   N/I      0x171      0x171   .absSeg140
.abs_section_172                   1   N/I      0x172      0x172   .absSeg141
.abs_section_173                   1   N/I      0x173      0x173   .absSeg142
.abs_section_174                   1   N/I      0x174      0x174   .absSeg143
.abs_section_175                   1   N/I      0x175      0x175   .absSeg144
.abs_section_176                   1   N/I      0x176      0x176   .absSeg145
.abs_section_177                   1   N/I      0x177      0x177   .absSeg146
.abs_section_178                   1   N/I      0x178      0x178   .absSeg147
.abs_section_179                   1   N/I      0x179      0x179   .absSeg148
.abs_section_17a                   1   N/I      0x17A      0x17A   .absSeg149
.abs_section_17b                   1   N/I      0x17B      0x17B   .absSeg150
.abs_section_17c                   1   N/I      0x17C      0x17C   .absSeg151
.abs_section_17d                   1   N/I      0x17D      0x17D   .absSeg152
.abs_section_240                   1   N/I      0x240      0x240   .absSeg153
.abs_section_241                   1   N/I      0x241      0x241   .absSeg154
.abs_section_242                   1   N/I      0x242      0x242   .absSeg155
.abs_section_243                   1   N/I      0x243      0x243   .absSeg156
.abs_section_244                   1   N/I      0x244      0x244   .absSeg157
.abs_section_245                   1   N/I      0x245      0x245   .absSeg158
.abs_section_247                   1   N/I      0x247      0x247   .absSeg159
.abs_section_248                   1   N/I      0x248      0x248   .absSeg160
.abs_section_249                   1   N/I      0x249      0x249   .absSeg161
.abs_section_24a                   1   N/I      0x24A      0x24A   .absSeg162
.abs_section_24b                   1   N/I      0x24B      0x24B   .absSeg163
.abs_section_24c                   1   N/I      0x24C      0x24C   .absSeg164
.abs_section_24d                   1   N/I      0x24D      0x24D   .absSeg165
.abs_section_24e                   1   N/I      0x24E      0x24E   .absSeg166
.abs_section_250                   1   N/I      0x250      0x250   .absSeg167
.abs_section_251                   1   N/I      0x251      0x251   .absSeg168
.abs_section_252                   1   N/I      0x252      0x252   .absSeg169
.abs_section_253                   1   N/I      0x253      0x253   .absSeg170
.abs_section_254                   1   N/I      0x254      0x254   .absSeg171
.abs_section_255                   1   N/I      0x255      0x255   .absSeg172
.abs_section_256                   1   N/I      0x256      0x256   .absSeg173
.abs_section_257                   1   N/I      0x257      0x257   .absSeg174
.abs_section_258                   1   N/I      0x258      0x258   .absSeg175
.abs_section_259                   1   N/I      0x259      0x259   .absSeg176
.abs_section_25a                   1   N/I      0x25A      0x25A   .absSeg177
.abs_section_25b                   1   N/I      0x25B      0x25B   .absSeg178
.abs_section_25c                   1   N/I      0x25C      0x25C   .absSeg179
.abs_section_25d                   1   N/I      0x25D      0x25D   .absSeg180
.abs_section_25e                   1   N/I      0x25E      0x25E   .absSeg181
.abs_section_25f                   1   N/I      0x25F      0x25F   .absSeg182
.abs_section_260                   1   N/I      0x260      0x260   .absSeg183
.abs_section_261                   1   N/I      0x261      0x261   .absSeg184
.abs_section_262                   1   N/I      0x262      0x262   .absSeg185
.abs_section_263                   1   N/I      0x263      0x263   .absSeg186
.abs_section_264                   1   N/I      0x264      0x264   .absSeg187
.abs_section_265                   1   N/I      0x265      0x265   .absSeg188
.abs_section_266                   1   N/I      0x266      0x266   .absSeg189
.abs_section_267                   1   N/I      0x267      0x267   .absSeg190
.abs_section_268                   1   N/I      0x268      0x268   .absSeg191
.abs_section_269                   1   N/I      0x269      0x269   .absSeg192
.abs_section_26a                   1   N/I      0x26A      0x26A   .absSeg193
.abs_section_26b                   1   N/I      0x26B      0x26B   .absSeg194
.abs_section_26c                   1   N/I      0x26C      0x26C   .absSeg195
.abs_section_26d                   1   N/I      0x26D      0x26D   .absSeg196
.abs_section_26e                   1   N/I      0x26E      0x26E   .absSeg197
.abs_section_26f                   1   N/I      0x26F      0x26F   .absSeg198
.abs_section_2c6                   1   N/I      0x2C6      0x2C6   .absSeg199
.abs_section_2f0                   1   N/I      0x2F0      0x2F0   .absSeg200
.abs_section_2f1                   1   N/I      0x2F1      0x2F1   .absSeg201
.abs_section_2f2                   1   N/I      0x2F2      0x2F2   .absSeg202
.abs_section_2f3                   1   N/I      0x2F3      0x2F3   .absSeg203
.abs_section_2f7                   1   N/I      0x2F7      0x2F7   .absSeg204
.abs_section_300                   1   N/I      0x300      0x300   .absSeg205
.abs_section_301                   1   N/I      0x301      0x301   .absSeg206
.abs_section_302                   1   N/I      0x302      0x302   .absSeg207
.abs_section_303                   1   N/I      0x303      0x303   .absSeg208
.abs_section_304                   1   N/I      0x304      0x304   .absSeg209
.abs_section_305                   1   N/I      0x305      0x305   .absSeg210
.abs_section_308                   1   N/I      0x308      0x308   .absSeg211
.abs_section_309                   1   N/I      0x309      0x309   .absSeg212
.abs_section_324                   1   N/I      0x324      0x324   .absSeg213
.abs_section_340                   1   N/I      0x340      0x340   .absSeg214
.abs_section_341                   1   N/I      0x341      0x341   .absSeg215
.abs_section_342                   1   N/I      0x342      0x342   .absSeg216
.abs_section_343                   1   N/I      0x343      0x343   .absSeg217
.abs_section_344                   1   N/I      0x344      0x344   .absSeg218
.abs_section_345                   1   N/I      0x345      0x345   .absSeg219
.abs_section_346                   1   N/I      0x346      0x346   .absSeg220
.abs_section_347                   1   N/I      0x347      0x347   .absSeg221
.abs_section_0                     2   N/I        0x0        0x1   .absSeg222
.abs_section_2                     2   N/I        0x2        0x3   .absSeg223
.abs_section_1a                    2   N/I       0x1A       0x1B   .absSeg224
.abs_section_24                    2   N/I       0x24       0x25   .absSeg225
.abs_section_44                    2   N/I       0x44       0x45   .absSeg226
.abs_section_50                    2   N/I       0x50       0x51   .absSeg227
.abs_section_52                    2   N/I       0x52       0x53   .absSeg228
.abs_section_54                    2   N/I       0x54       0x55   .absSeg229
.abs_section_56                    2   N/I       0x56       0x57   .absSeg230
.abs_section_58                    2   N/I       0x58       0x59   .absSeg231
.abs_section_5a                    2   N/I       0x5A       0x5B   .absSeg232
.abs_section_5c                    2   N/I       0x5C       0x5D   .absSeg233
.abs_section_5e                    2   N/I       0x5E       0x5F   .absSeg234
.abs_section_62                    2   N/I       0x62       0x63   .absSeg235
.abs_section_c8                    2   N/I       0xC8       0xC9   .absSeg236
.abs_section_d0                    2   N/I       0xD0       0xD1   .absSeg237
.abs_section_dc                    2   N/I       0xDC       0xDD   .absSeg238
.abs_section_10a                   2   N/I      0x10A      0x10B   .absSeg239
.abs_section_10e                   2   N/I      0x10E      0x10F   .absSeg240
.abs_section_16e                   2   N/I      0x16E      0x16F   .absSeg241
.abs_section_17e                   2   N/I      0x17E      0x17F   .absSeg242
.abs_section_270                   2   N/I      0x270      0x271   .absSeg243
.abs_section_272                   2   N/I      0x272      0x273   .absSeg244
.abs_section_274                   2   N/I      0x274      0x275   .absSeg245
.abs_section_276                   2   N/I      0x276      0x277   .absSeg246
.abs_section_2c0                   2   N/I      0x2C0      0x2C1   .absSeg247
.abs_section_2c2                   2   N/I      0x2C2      0x2C3   .absSeg248
.abs_section_2c4                   2   N/I      0x2C4      0x2C5   .absSeg249
.abs_section_2c8                   2   N/I      0x2C8      0x2C9   .absSeg250
.abs_section_2ca                   2   N/I      0x2CA      0x2CB   .absSeg251
.abs_section_2cc                   2   N/I      0x2CC      0x2CD   .absSeg252
.abs_section_2ce                   2   N/I      0x2CE      0x2CF   .absSeg253
.abs_section_2d0                   2   N/I      0x2D0      0x2D1   .absSeg254
.abs_section_2d2                   2   N/I      0x2D2      0x2D3   .absSeg255
.abs_section_2d4                   2   N/I      0x2D4      0x2D5   .absSeg256
.abs_section_2d6                   2   N/I      0x2D6      0x2D7   .absSeg257
.abs_section_2d8                   2   N/I      0x2D8      0x2D9   .absSeg258
.abs_section_2da                   2   N/I      0x2DA      0x2DB   .absSeg259
.abs_section_2dc                   2   N/I      0x2DC      0x2DD   .absSeg260
.abs_section_2de                   2   N/I      0x2DE      0x2DF   .absSeg261
.abs_section_2e0                   2   N/I      0x2E0      0x2E1   .absSeg262
.abs_section_2e2                   2   N/I      0x2E2      0x2E3   .absSeg263
.abs_section_2e4                   2   N/I      0x2E4      0x2E5   .absSeg264
.abs_section_2e6                   2   N/I      0x2E6      0x2E7   .absSeg265
.abs_section_2e8                   2   N/I      0x2E8      0x2E9   .absSeg266
.abs_section_2ea                   2   N/I      0x2EA      0x2EB   .absSeg267
.abs_section_2ec                   2   N/I      0x2EC      0x2ED   .absSeg268
.abs_section_2ee                   2   N/I      0x2EE      0x2EF   .absSeg269
.abs_section_2f4                   2   N/I      0x2F4      0x2F5   .absSeg270
.abs_section_30c                   2   N/I      0x30C      0x30D   .absSeg271
.abs_section_30e                   2   N/I      0x30E      0x30F   .absSeg272
.abs_section_310                   2   N/I      0x310      0x311   .absSeg273
.abs_section_312                   2   N/I      0x312      0x313   .absSeg274
.abs_section_314                   2   N/I      0x314      0x315   .absSeg275
.abs_section_316                   2   N/I      0x316      0x317   .absSeg276
.abs_section_318                   2   N/I      0x318      0x319   .absSeg277
.abs_section_31a                   2   N/I      0x31A      0x31B   .absSeg278
.abs_section_31c                   2   N/I      0x31C      0x31D   .absSeg279
.abs_section_31e                   2   N/I      0x31E      0x31F   .absSeg280
.abs_section_320                   2   N/I      0x320      0x321   .absSeg281
.abs_section_322                   2   N/I      0x322      0x323   .absSeg282
.abs_section_348                   2   N/I      0x348      0x349   .absSeg283
.abs_section_34a                   2   N/I      0x34A      0x34B   .absSeg284
.abs_section_34c                   2   N/I      0x34C      0x34D   .absSeg285
.abs_section_34e                   2   N/I      0x34E      0x34F   .absSeg286
.abs_section_350                   2   N/I      0x350      0x351   .absSeg287
.abs_section_352                   2   N/I      0x352      0x353   .absSeg288
.abs_section_354                   2   N/I      0x354      0x355   .absSeg289
.abs_section_356                   2   N/I      0x356      0x357   .absSeg290
.abs_section_ff78                  2     R     0xFF78     0xFF79   .absSeg291
.abs_section_ffee                  2     R     0xFFEE     0xFFEF   .absSeg292
.abs_section_ffce                  2     R     0xFFCE     0xFFCF   .absSeg293
.bss                             104   R/W     0x2168     0x21CF   RAM
.common                          469   R/W     0x21D0     0x23A4   RAM
.vectSeg294_vect                   2     R     0xFFFE     0xFFFF   .vectSeg294

Summary of section sizes per section type:
READ_ONLY (R):        33CC (dec:    13260)
READ_WRITE (R/W):      3A5 (dec:      933)
NO_INIT (N/I):         168 (dec:      360)

*********************************************************************************************
VECTOR-ALLOCATION SECTION
    Address     InitValue   InitFunction
---------------------------------------------------------------------------------------------
     0xFFFE        0xC000   _Startup

*********************************************************************************************
OBJECT-ALLOCATION SECTION
     Name               Module                 Addr   hSize   dSize     Ref    Section   RLIB
---------------------------------------------------------------------------------------------
MODULE:                 -- MC9S12XS128.c.o --
- PROCEDURES:
- VARIABLES:
     _PORTE                                       8       1       1       6   .abs_section_8
     _DDRE                                        9       1       1       9   .abs_section_9
     _MODE                                        B       1       1       0   .abs_section_b
     _PUCR                                        C       1       1       2   .abs_section_c
     _RDRIV                                       D       1       1       0   .abs_section_d
     _GPAGE                                      10       1       1       0   .abs_section_10
     _DIRECT                                     11       1       1       0   .abs_section_11
     _MMCCTL1                                    13       1       1       0   .abs_section_13
     _PPAGE                                      15       1       1       0   .abs_section_15
     _RPAGE                                      16       1       1       0   .abs_section_16
     _EPAGE                                      17       1       1       0   .abs_section_17
     _ECLKCTL                                    1C       1       1       0   .abs_section_1c
     _IRQCR                                      1E       1       1       0   .abs_section_1e
     _DBGC1                                      20       1       1       0   .abs_section_20
     _DBGSR                                      21       1       1       0   .abs_section_21
     _DBGTCR                                     22       1       1       0   .abs_section_22
     _DBGC2                                      23       1       1       0   .abs_section_23
     _DBGCNT                                     26       1       1       0   .abs_section_26
     _DBGSCRX                                    27       1       1       0   .abs_section_27
     _DBGXCTL                                    28       1       1       0   .abs_section_28
     _DBGXAH                                     29       1       1       0   .abs_section_29
     _DBGXAM                                     2A       1       1       0   .abs_section_2a
     _DBGXAL                                     2B       1       1       0   .abs_section_2b
     _DBGXDH                                     2C       1       1       0   .abs_section_2c
     _DBGXDL                                     2D       1       1       0   .abs_section_2d
     _DBGXDHM                                    2E       1       1       0   .abs_section_2e
     _DBGXDLM                                    2F       1       1       0   .abs_section_2f
     _PORTK                                      32       1       1       0   .abs_section_32
     _DDRK                                       33       1       1       0   .abs_section_33
     _SYNR                                       34       1       1       1   .abs_section_34
     _REFDV                                      35       1       1       1   .abs_section_35
     _POSTDIV                                    36       1       1       0   .abs_section_36
     _CRGFLG                                     37       1       1       1   .abs_section_37
     _CRGINT                                     38       1       1       0   .abs_section_38
     _CLKSEL                                     39       1       1       2   .abs_section_39
     _PLLCTL                                     3A       1       1       2   .abs_section_3a
     _RTICTL                                     3B       1       1       0   .abs_section_3b
     _COPCTL                                     3C       1       1       0   .abs_section_3c
     _ARMCOP                                     3F       1       1       0   .abs_section_3f
     _TIOS                                       40       1       1       1   .abs_section_40
     _CFORC                                      41       1       1       0   .abs_section_41
     _OC7M                                       42       1       1       0   .abs_section_42
     _OC7D                                       43       1       1       0   .abs_section_43
     _TSCR1                                      46       1       1       1   .abs_section_46
     _TTOV                                       47       1       1       0   .abs_section_47
     _TCTL1                                      48       1       1       0   .abs_section_48
     _TCTL2                                      49       1       1       0   .abs_section_49
     _TCTL3                                      4A       1       1       1   .abs_section_4a
     _TCTL4                                      4B       1       1       0   .abs_section_4b
     _TIE                                        4C       1       1       1   .abs_section_4c
     _TSCR2                                      4D       1       1       1   .abs_section_4d
     _TFLG1                                      4E       1       1       1   .abs_section_4e
     _TFLG2                                      4F       1       1       0   .abs_section_4f
     _PACTL                                      60       1       1       2   .abs_section_60
     _PAFLG                                      61       1       1       0   .abs_section_61
     _OCPD                                       6C       1       1       0   .abs_section_6c
     _PTPSR                                      6E       1       1       0   .abs_section_6e
     _SCI0ACR2                                   CA       1       1       1   .abs_section_ca
     _SCI0CR2                                    CB       1       1       1   .abs_section_cb
     _SCI0SR1                                    CC       1       1       0   .abs_section_cc
     _SCI0SR2                                    CD       1       1       0   .abs_section_cd
     _SCI0DRH                                    CE       1       1       0   .abs_section_ce
     _SCI0DRL                                    CF       1       1       0   .abs_section_cf
     _SCI1ACR2                                   D2       1       1       0   .abs_section_d2
     _SCI1CR2                                    D3       1       1       0   .abs_section_d3
     _SCI1SR1                                    D4       1       1       0   .abs_section_d4
     _SCI1SR2                                    D5       1       1       0   .abs_section_d5
     _SCI1DRH                                    D6       1       1       0   .abs_section_d6
     _SCI1DRL                                    D7       1       1       0   .abs_section_d7
     _SPI0CR1                                    D8       1       1       0   .abs_section_d8
     _SPI0CR2                                    D9       1       1       0   .abs_section_d9
     _SPI0BR                                     DA       1       1       0   .abs_section_da
     _SPI0SR                                     DB       1       1       0   .abs_section_db
     _FCLKDIV                                   100       1       1       0   .abs_section_100
     _FSEC                                      101       1       1       0   .abs_section_101
     _FCCOBIX                                   102       1       1       0   .abs_section_102
     _FECCRIX                                   103       1       1       0   .abs_section_103
     _FCNFG                                     104       1       1       0   .abs_section_104
     _FERCNFG                                   105       1       1       0   .abs_section_105
     _FSTAT                                     106       1       1       0   .abs_section_106
     _FERSTAT                                   107       1       1       0   .abs_section_107
     _FPROT                                     108       1       1       0   .abs_section_108
     _DFPROT                                    109       1       1       0   .abs_section_109
     _FOPT                                      110       1       1       0   .abs_section_110
     _IVBR                                      121       1       1       0   .abs_section_121
     _INT_XGPRIO                                126       1       1       0   .abs_section_126
     _INT_CFADDR                                127       1       1       0   .abs_section_127
     _INT_CFDATA0                               128       1       1       0   .abs_section_128
     _INT_CFDATA1                               129       1       1       0   .abs_section_129
     _INT_CFDATA2                               12A       1       1       0   .abs_section_12a
     _INT_CFDATA3                               12B       1       1       0   .abs_section_12b
     _INT_CFDATA4                               12C       1       1       0   .abs_section_12c
     _INT_CFDATA5                               12D       1       1       0   .abs_section_12d
     _INT_CFDATA6                               12E       1       1       0   .abs_section_12e
     _INT_CFDATA7                               12F       1       1       0   .abs_section_12f
     _CAN0CTL0                                  140       1       1       0   .abs_section_140
     _CAN0CTL1                                  141       1       1       0   .abs_section_141
     _CAN0BTR0                                  142       1       1       0   .abs_section_142
     _CAN0BTR1                                  143       1       1       0   .abs_section_143
     _CAN0RFLG                                  144       1       1       0   .abs_section_144
     _CAN0RIER                                  145       1       1       0   .abs_section_145
     _CAN0TFLG                                  146       1       1       0   .abs_section_146
     _CAN0TIER                                  147       1       1       0   .abs_section_147
     _CAN0TARQ                                  148       1       1       0   .abs_section_148
     _CAN0TAAK                                  149       1       1       0   .abs_section_149
     _CAN0TBSEL                                 14A       1       1       0   .abs_section_14a
     _CAN0IDAC                                  14B       1       1       0   .abs_section_14b
     _CAN0MISC                                  14D       1       1       0   .abs_section_14d
     _CAN0RXERR                                 14E       1       1       0   .abs_section_14e
     _CAN0TXERR                                 14F       1       1       0   .abs_section_14f
     _CAN0IDAR0                                 150       1       1       0   .abs_section_150
     _CAN0IDAR1                                 151       1       1       0   .abs_section_151
     _CAN0IDAR2                                 152       1       1       0   .abs_section_152
     _CAN0IDAR3                                 153       1       1       0   .abs_section_153
     _CAN0IDMR0                                 154       1       1       0   .abs_section_154
     _CAN0IDMR1                                 155       1       1       0   .abs_section_155
     _CAN0IDMR2                                 156       1       1       0   .abs_section_156
     _CAN0IDMR3                                 157       1       1       0   .abs_section_157
     _CAN0IDAR4                                 158       1       1       0   .abs_section_158
     _CAN0IDAR5                                 159       1       1       0   .abs_section_159
     _CAN0IDAR6                                 15A       1       1       0   .abs_section_15a
     _CAN0IDAR7                                 15B       1       1       0   .abs_section_15b
     _CAN0IDMR4                                 15C       1       1       0   .abs_section_15c
     _CAN0IDMR5                                 15D       1       1       0   .abs_section_15d
     _CAN0IDMR6                                 15E       1       1       0   .abs_section_15e
     _CAN0IDMR7                                 15F       1       1       0   .abs_section_15f
     _CAN0RXIDR0                                160       1       1       0   .abs_section_160
     _CAN0RXIDR1                                161       1       1       0   .abs_section_161
     _CAN0RXIDR2                                162       1       1       0   .abs_section_162
     _CAN0RXIDR3                                163       1       1       0   .abs_section_163
     _CAN0RXDSR0                                164       1       1       0   .abs_section_164
     _CAN0RXDSR1                                165       1       1       0   .abs_section_165
     _CAN0RXDSR2                                166       1       1       0   .abs_section_166
     _CAN0RXDSR3                                167       1       1       0   .abs_section_167
     _CAN0RXDSR4                                168       1       1       0   .abs_section_168
     _CAN0RXDSR5                                169       1       1       0   .abs_section_169
     _CAN0RXDSR6                                16A       1       1       0   .abs_section_16a
     _CAN0RXDSR7                                16B       1       1       0   .abs_section_16b
     _CAN0RXDLR                                 16C       1       1       0   .abs_section_16c
     _CAN0TXIDR0                                170       1       1       0   .abs_section_170
     _CAN0TXIDR1                                171       1       1       0   .abs_section_171
     _CAN0TXIDR2                                172       1       1       0   .abs_section_172
     _CAN0TXIDR3                                173       1       1       0   .abs_section_173
     _CAN0TXDSR0                                174       1       1       0   .abs_section_174
     _CAN0TXDSR1                                175       1       1       0   .abs_section_175
     _CAN0TXDSR2                                176       1       1       0   .abs_section_176
     _CAN0TXDSR3                                177       1       1       0   .abs_section_177
     _CAN0TXDSR4                                178       1       1       0   .abs_section_178
     _CAN0TXDSR5                                179       1       1       0   .abs_section_179
     _CAN0TXDSR6                                17A       1       1       0   .abs_section_17a
     _CAN0TXDSR7                                17B       1       1       0   .abs_section_17b
     _CAN0TXDLR                                 17C       1       1       0   .abs_section_17c
     _CAN0TXTBPR                                17D       1       1       0   .abs_section_17d
     _PTT                                       240       1       1       0   .abs_section_240
     _PTIT                                      241       1       1       0   .abs_section_241
     _DDRT                                      242       1       1       0   .abs_section_242
     _RDRT                                      243       1       1       0   .abs_section_243
     _PERT                                      244       1       1       0   .abs_section_244
     _PPST                                      245       1       1       0   .abs_section_245
     _PTTRR                                     247       1       1       0   .abs_section_247
     _PTS                                       248       1       1       0   .abs_section_248
     _PTIS                                      249       1       1       0   .abs_section_249
     _DDRS                                      24A       1       1       0   .abs_section_24a
     _RDRS                                      24B       1       1       0   .abs_section_24b
     _PERS                                      24C       1       1       0   .abs_section_24c
     _PPSS                                      24D       1       1       0   .abs_section_24d
     _WOMS                                      24E       1       1       0   .abs_section_24e
     _PTM                                       250       1       1       0   .abs_section_250
     _PTIM                                      251       1       1       0   .abs_section_251
     _DDRM                                      252       1       1       0   .abs_section_252
     _RDRM                                      253       1       1       0   .abs_section_253
     _PERM                                      254       1       1       0   .abs_section_254
     _PPSM                                      255       1       1       0   .abs_section_255
     _WOMM                                      256       1       1       0   .abs_section_256
     _MODRR                                     257       1       1       0   .abs_section_257
     _PTP                                       258       1       1       0   .abs_section_258
     _PTIP                                      259       1       1       0   .abs_section_259
     _DDRP                                      25A       1       1       0   .abs_section_25a
     _RDRP                                      25B       1       1       0   .abs_section_25b
     _PERP                                      25C       1       1       0   .abs_section_25c
     _PPSP                                      25D       1       1       0   .abs_section_25d
     _PIEP                                      25E       1       1       0   .abs_section_25e
     _PIFP                                      25F       1       1       0   .abs_section_25f
     _PTH                                       260       1       1      20   .abs_section_260
     _PTIH                                      261       1       1       0   .abs_section_261
     _DDRH                                      262       1       1       4   .abs_section_262
     _RDRH                                      263       1       1       0   .abs_section_263
     _PERH                                      264       1       1       0   .abs_section_264
     _PPSH                                      265       1       1       0   .abs_section_265
     _PIEH                                      266       1       1       0   .abs_section_266
     _PIFH                                      267       1       1       0   .abs_section_267
     _PTJ                                       268       1       1       0   .abs_section_268
     _PTIJ                                      269       1       1       0   .abs_section_269
     _DDRJ                                      26A       1       1       2   .abs_section_26a
     _RDRJ                                      26B       1       1       0   .abs_section_26b
     _PERJ                                      26C       1       1       0   .abs_section_26c
     _PPSJ                                      26D       1       1       2   .abs_section_26d
     _PIEJ                                      26E       1       1       2   .abs_section_26e
     _PIFJ                                      26F       1       1       2   .abs_section_26f
     _ATD0STAT0                                 2C6       1       1       6   .abs_section_2c6
     _VREGHTCL                                  2F0       1       1       0   .abs_section_2f0
     _VREGCTRL                                  2F1       1       1       0   .abs_section_2f1
     _VREGAPICL                                 2F2       1       1       0   .abs_section_2f2
     _VREGAPITR                                 2F3       1       1       0   .abs_section_2f3
     _VREGHTTR                                  2F7       1       1       0   .abs_section_2f7
     _PWME                                      300       1       1       4   .abs_section_300
     _PWMPOL                                    301       1       1       4   .abs_section_301
     _PWMCLK                                    302       1       1       4   .abs_section_302
     _PWMPRCLK                                  303       1       1       1   .abs_section_303
     _PWMCAE                                    304       1       1       4   .abs_section_304
     _PWMCTL                                    305       1       1       4   .abs_section_305
     _PWMSCLA                                   308       1       1       0   .abs_section_308
     _PWMSCLB                                   309       1       1       0   .abs_section_309
     _PWMSDN                                    324       1       1       0   .abs_section_324
     _PITCFLMT                                  340       1       1       2   .abs_section_340
     _PITFLT                                    341       1       1       0   .abs_section_341
     _PITCE                                     342       1       1       2   .abs_section_342
     _PITMUX                                    343       1       1       2   .abs_section_343
     _PITINTE                                   344       1       1       1   .abs_section_344
     _PITTF                                     345       1       1       1   .abs_section_345
     _PITMTLD0                                  346       1       1       1   .abs_section_346
     _PITMTLD1                                  347       1       1       1   .abs_section_347
     _PORTAB                                      0       2       2      36   .abs_section_0
     _DDRAB                                       2       2       2       4   .abs_section_2
     _PARTID                                     1A       2       2       0   .abs_section_1a
     _DBGTB                                      24       2       2       0   .abs_section_24
     _TCNT                                       44       2       2       1   .abs_section_44
     _TC0                                        50       2       2       2   .abs_section_50
     _TC1                                        52       2       2       1   .abs_section_52
     _TC2                                        54       2       2       0   .abs_section_54
     _TC3                                        56       2       2       0   .abs_section_56
     _TC4                                        58       2       2       0   .abs_section_58
     _TC5                                        5A       2       2       0   .abs_section_5a
     _TC6                                        5C       2       2       0   .abs_section_5c
     _TC7                                        5E       2       2       0   .abs_section_5e
     _PACNT                                      62       2       2       4   .abs_section_62
     _SCI0BD                                     C8       2       2       2   .abs_section_c8
     _SCI1BD                                     D0       2       2       0   .abs_section_d0
     _SPI0DR                                     DC       2       2       0   .abs_section_dc
     _FCCOB                                     10A       2       2       0   .abs_section_10a
     _FECCR                                     10E       2       2       0   .abs_section_10e
     _CAN0RXTSR                                 16E       2       2       0   .abs_section_16e
     _CAN0TXTSR                                 17E       2       2       0   .abs_section_17e
     _PT01AD0                                   270       2       2       0   .abs_section_270
     _DDR01AD0                                  272       2       2       0   .abs_section_272
     _RDR01AD0                                  274       2       2       0   .abs_section_274
     _PER01AD0                                  276       2       2       0   .abs_section_276
     _ATD0CTL01                                 2C0       2       2       2   .abs_section_2c0
     _ATD0CTL23                                 2C2       2       2       2   .abs_section_2c2
     _ATD0CTL45                                 2C4       2       2       7   .abs_section_2c4
     _ATD0CMPE                                  2C8       2       2       0   .abs_section_2c8
     _ATD0STAT2                                 2CA       2       2       0   .abs_section_2ca
     _ATD0DIEN                                  2CC       2       2       0   .abs_section_2cc
     _ATD0CMPHT                                 2CE       2       2       0   .abs_section_2ce
     _ATD0DR0                                   2D0       2       2       4   .abs_section_2d0
     _ATD0DR1                                   2D2       2       2       0   .abs_section_2d2
     _ATD0DR2                                   2D4       2       2       0   .abs_section_2d4
     _ATD0DR3                                   2D6       2       2       0   .abs_section_2d6
     _ATD0DR4                                   2D8       2       2       0   .abs_section_2d8
     _ATD0DR5                                   2DA       2       2       0   .abs_section_2da
     _ATD0DR6                                   2DC       2       2       0   .abs_section_2dc
     _ATD0DR7                                   2DE       2       2       0   .abs_section_2de
     _ATD0DR8                                   2E0       2       2       0   .abs_section_2e0
     _ATD0DR9                                   2E2       2       2       0   .abs_section_2e2
     _ATD0DR10                                  2E4       2       2       0   .abs_section_2e4
     _ATD0DR11                                  2E6       2       2       0   .abs_section_2e6
     _ATD0DR12                                  2E8       2       2       0   .abs_section_2e8
     _ATD0DR13                                  2EA       2       2       0   .abs_section_2ea
     _ATD0DR14                                  2EC       2       2       0   .abs_section_2ec
     _ATD0DR15                                  2EE       2       2       0   .abs_section_2ee
     _VREGAPIR                                  2F4       2       2       0   .abs_section_2f4
     _PWMCNT01                                  30C       2       2       0   .abs_section_30c
     _PWMCNT23                                  30E       2       2       0   .abs_section_30e
     _PWMCNT45                                  310       2       2       0   .abs_section_310
     _PWMCNT67                                  312       2       2       0   .abs_section_312
     _PWMPER01                                  314       2       2       1   .abs_section_314
     _PWMPER23                                  316       2       2       1   .abs_section_316
     _PWMPER45                                  318       2       2       1   .abs_section_318
     _PWMPER67                                  31A       2       2       1   .abs_section_31a
     _PWMDTY01                                  31C       2       2       4   .abs_section_31c
     _PWMDTY23                                  31E       2       2       4   .abs_section_31e
     _PWMDTY45                                  320       2       2       4   .abs_section_320
     _PWMDTY67                                  322       2       2       4   .abs_section_322
     _PITLD0                                    348       2       2       1   .abs_section_348
     _PITCNT0                                   34A       2       2       0   .abs_section_34a
     _PITLD1                                    34C       2       2       1   .abs_section_34c
     _PITCNT1                                   34E       2       2       0   .abs_section_34e
     _PITLD2                                    350       2       2       0   .abs_section_350
     _PITCNT2                                   352       2       2       0   .abs_section_352
     _PITLD3                                    354       2       2       0   .abs_section_354
     _PITCNT3                                   356       2       2       0   .abs_section_356
MODULE:                 -- main.c.o --
- PROCEDURES:
     main                                    FE8000      44      68       2   .text       
     Boma_Change                             FE8044      A0     160       2   .text       
     Timer_5ms                                 C79D     14E     334       1   NON_BANKED  
     Timer0_ECT                                C8EB      3E      62       1   NON_BANKED  
     Start_Stop                                C929       D      13       1   NON_BANKED  
- VARIABLES:
     Stop_enable_flag                          2100       2       2       2   .data       
     coder_right_cnt                           2168       2       2       5   .bss        
     coder_left_cnt                            216A       2       2       5   .bss        
     coder_finish_flag                         216C       2       2       4   .bss        
     Start_time_count                          216E       2       2      13   .bss        
     Direction_piece_flag                      2170       2       2       3   .bss        
     S_flag                                    2172       2       2       3   .bss        
     Start_delay_flag                          2174       2       2       5   .bss        
     TimerCnt20ms.1                            2176       1       1       4   .bss        
     _Vector_67                                FF78       2       2       0   .abs_section_ff78
     _Vector_8                                 FFEE       2       2       0   .abs_section_ffee
     _Vector_24                                FFCE       2       2       0   .abs_section_ffce
     timer5ms                                  21D0       2       2       3   .common     
     Speed_Left_Get                            21D2       2       2       3   .common     
     Speed_Right_Get                           21D4       2       2       3   .common     
MODULE:                 -- Start12.c.o --
- PROCEDURES:
     Init                                    FE80E4      29      41       2   .text       
     _Startup                                  C000       F      15       0   .init       
- VARIABLES:
     _startupData                              C00F       6       6       3   .startData  
- LABELS:
     __SEG_END_SSTACK                          2100       0       0       1               
MODULE:                 -- rtshc12.c.o (ansixbi.lib) --
- PROCEDURES:
     _BSHL                                     C936       8       8       2   NON_BANKED  
     _LCMP                                     C93E       A      10       1   NON_BANKED  
     _NEG_P                                    C948       C      12       1   NON_BANKED  
     _CASE_CHECKED                             C954       B      11       1   NON_BANKED  
     _CASE_CHECKED_BYTE                        C95F      14      20       4   NON_BANKED  
- VARIABLES:
     errno                                     21D6       2       2       3   .common     
MODULE:                 -- oled.c.o --
- PROCEDURES:
     LCD_WrDat                               FE810D      35      53      14   .text       
     LCD_WrCmd                               FE8142      35      53      36   .text       
     LCD_Set_Pos                             FE8177      1F      31      12   .text       
     LCD_Fill                                FE8196      32      50       8   .text       
     LCD_DLY_ms                              FE81C8      17      23       2   .text       
     LCD_Init                                FE81DF      99     153       2   .text       
     LCD_P8x16Str                            FE8278      79     121       8   .text       
     LCD_P14x16Str                           FE82F1      D7     215       3   .text       
     LCD_Print                               FE83C8      63      99      46   .text       
     LCD_PutPixel                            FE842B      33      51       6   .text       
     LCD_PutPixel2                           FE845E      26      38       2   .text       
- VARIABLES:
     F14x16_Idx                                C019      11      17       3   .rodata     
     F14x16                                    C02A      E0     224       1   .rodata     
     F8X16                                     C10A     5F0    1520       2   .rodata     
MODULE:                 -- SCI.c.o --
- PROCEDURES:
     INIT_SCI                                FE8484       E      14       2   .text       
- VARIABLES:
MODULE:                 -- variable.c.o --
- PROCEDURES:
     trans_unsigned                          FE8492      26      38       4   .text       
- VARIABLES:
     Angle_ax                                  21D8       4       4       4   .common     
     Angle                                     21DC       4       4      14   .common     
     gyro_zero                                 21E0       2       2       5   .common     
MODULE:                 -- CCD.c.o --
- PROCEDURES:
     CalculateIntegrationTime                FE84B8      5A      90       2   .text       
     PixelAverage                            FE8512      23      35       2   .text       
     StartIntegration                        FE8535      D4     212       2   .text       
     ImageCapture                            FE8609     1A8     424       8   .text       
     INIT_CCD                                FE87B1      36      54       2   .text       
- VARIABLES:
     TargetPixelAverageVoltage                 2102       2       2       1   .data       
     TargetPixelAverageVoltageAllowError       2104       2       2       2   .data       
     IntegrationTime                           2106       1       1       5   .data       
     PixelAverageVoltageError                  2177       2       2       1   .bss        
     integration_piont                         2179       1       1       2   .bss        
     CCD_finsh_flag                            217A       1       1       3   .bss        
     PixelAverageValue                         21E2       1       1       3   .common     
     PixelAverageVoltage                       21E3       1       1       1   .common     
     Pixel_H                                   21E4      80     128      14   .common     
     Pixel_L                                   2264      80     128      32   .common     
     Left_Led                                  22E4       1       1       2   .common     
     Right_Led                                 22E5       1       1       2   .common     
MODULE:                 -- Angle_Control.c.o --
- PROCEDURES:
     delayM                                  FE87E7      1B      27      24   .text       
     sda_high                                FE8802       B      11      10   .text       
     sda_low                                 FE880D       B      11       8   .text       
     scl_high                                FE8818       B      11      12   .text       
     scl_low                                 FE8823       B      11      10   .text       
     I2C_Start                               FE882E      1F      31       6   .text       
     I2C_Stop                                FE884D      1B      27       4   .text       
     I2C_SendACK                             FE8868      24      36       2   .text       
     I2C_RecvACK                             FE888C      2E      46       2   .text       
     I2C_SendByte                            FE88BA      3D      61      12   .text       
     I2C_RecvByte                            FE88F7      44      68       2   .text       
     Single_WriteI2C                         FE893B      1D      29      10   .text       
     Single_ReadI2C                          FE8958      2D      45       4   .text       
     InitMPU6050                             FE8985      32      50       2   .text       
     GetData                                 FE89B7      20      32      10   .text       
     MPU6050_Get_Angle                       FE89D7      39      57       2   .text       
     Get_Gyro_Zero                           FE8A10      23      35       2   .text       
     Kalman_Filter                           FE8A33     28D     653       7   .text       
     Angle_Calcu                             FE8CC0      64     100       2   .text       
     Speed_Adjust                            FE8D24      D1     209       6   .text       
     Angle_Control                           FE8DF5     167     359       3   .text       
- VARIABLES:
     Angle_P                                   2107       4       4       2   .data       
     Angle_D                                   210B       4       4       2   .data       
     Angle_Set                                 210F       4       4       4   .data       
     Left_DeadMotor                            2113       2       2       2   .data       
     Right_DeadMotor                           2115       2       2       2   .data       
     Q_angle                                   2117       4       4       2   .data       
     Q_gyro                                    211B       4       4       2   .data       
     R_angle                                   211F       4       4       2   .data       
     dt                                        2123       4       4       6   .data       
     PP                                        2127      10      16      31   .data       
     buchang                                   217B       2       2       2   .bss        
     buchang_L                                 217D       2       2       2   .bss        
     Pdot                                      217F      10      16      16   .bss        
     Q_bias                                    218F       4       4       6   .bss        
     Angle_err                                 2193       4       4       6   .bss        
     Accel_x                                   22E6       2       2       2   .common     
     Accel_y                                   22E8       2       2       1   .common     
     Accel_z                                   22EA       2       2       2   .common     
     Gyro_y                                    22EC       4       4       6   .common     
     Angle_Speed                               22F0       2       2       3   .common     
     Lx                                        22F2       4       4       6   .common     
     Rx                                        22F6       4       4       6   .common     
     PCt_0                                     22FA       4       4       8   .common     
     PCt_1                                     22FE       4       4       4   .common     
     E                                         2302       4       4       4   .common     
     K_0                                       2306       4       4       4   .common     
     K_1                                       230A       4       4       4   .common     
     t_0                                       230E       4       4       5   .common     
     t_1                                       2312       4       4       6   .common     
     cy                                        2316       1       1       2   .common     
MODULE:                 -- Speed_Control.c.o --
- PROCEDURES:
     SpeedControl                            FE8F5C      C2     194       2   .text       
     SpeedOutCal                             FE901E      50      80       2   .text       
- VARIABLES:
     Speed_Set                                 2137       2       2       7   .data       
     Speed_Control_P                           2139       4       4       2   .data       
     Speed_Control_I                           213D       4       4       2   .data       
     Speed_Set_in                              2197       2       2      13   .bss        
     Speed_P                                   2199       4       4       4   .bss        
     Speed_I                                   219D       4       4       2   .bss        
     nSpeed_Left                               21A1       4       4       4   .bss        
     nSpeed_Right                              21A5       4       4       2   .bss        
     nSpeed                                    21A9       4       4       5   .bss        
     nSpeed_Change                             21AD       4       4       4   .bss        
     Speed_Old                                 21B1       4       4       6   .bss        
     Speed_New                                 21B5       4       4       6   .bss        
     Left_Speed_Cal                            21B9       2       2       2   .bss        
     Right_Speed_Cal                           21BB       2       2       2   .bss        
     Speed_Control_Integral                    2317       4       4      10   .common     
     Left_Speed                                231B       2       2       4   .common     
     Right_Speed                               231D       2       2       4   .common     
MODULE:                 -- PIT.c.o --
- PROCEDURES:
     INIT_PIT                                FE906E      43      67       2   .text       
     ECT_Init                                FE90B1      23      35       2   .text       
- VARIABLES:
MODULE:                 -- PWM.c.o --
- PROCEDURES:
     INIT_PWM                                FE90D4      71     113       2   .text       
- VARIABLES:
MODULE:                 -- ADC.c.o --
- PROCEDURES:
     AD_Init                                 FE9145      16      22       2   .text       
- VARIABLES:
MODULE:                 -- PLL.c.o --
- PROCEDURES:
     INIT_PLL                                FE915B      1A      26       2   .text       
- VARIABLES:
MODULE:                 -- MATH.C.o (ansixb.lib) --
- PROCEDURES:
     logb                                    FE9175       E      14       4   .text       
     fabs                                    FE9183      10      16       6   .text       
     is_special                              FE9193      39      57       8   .text       
     sqrt_r                                  FE91CC      C5     197       3   .text       
     sqrt                                    FE9291      42      66       2   .text       
     SetSign                                 FE92D3      21      33       4   .text       
     atan2                                   FE92F4     503    1283      35   .text       
     atan                                    FE97F7       E      14       2   .text       
- VARIABLES:
     infinity                                  C6FA       4       4       4   .rodata     
     nan_union                                 C6FE       4       4       2   .rodata     
MODULE:                 -- DANSI.C.o (ansixb.lib) --
- PROCEDURES:
     frexp                                     C973       3       3       2   NON_BANKED  
     ldexp                                     C976       3       3       5   NON_BANKED  
- VARIABLES:
MODULE:                 -- FADD.C.o (ansixb.lib) --
- PROCEDURES:
     F_ADDKL                                   C979      5E      94       1   NON_BANKED  
     _FADD                                     C9D7      15      21      47   NON_BANKED  
     _FSUB                                     C9EC      13      19      21   NON_BANKED  
     _FINC                                     C9FF       D      13       1   NON_BANKED  
     _FDEC                                     CA0C       D      13       1   NON_BANKED  
     _FNEG                                     CA19       B      11       5   NON_BANKED  
- VARIABLES:
MODULE:                 -- FANSI.C.o (ansixb.lib) --
- PROCEDURES:
     F_FREXP                                   CA24      1F      31       1   NON_BANKED  
     F_LDEXP                                   CA43      15      21       1   NON_BANKED  
     frexpf                                    CA58      19      25       1   NON_BANKED  
     RetErrDom                                 CA71       D      13       1   NON_BANKED  
     ldexpf                                    CA7E      1E      30       1   NON_BANKED  
- VARIABLES:
MODULE:                 -- FCMP.C.o (ansixb.lib) --
- PROCEDURES:
     _FCMP                                     CA9C      26      38      11   NON_BANKED  
- VARIABLES:
MODULE:                 -- FCONV.C.o (ansixb.lib) --
- PROCEDURES:
     F_TOLONGK                                 CAC2      32      50       1   NON_BANKED  
     F_FRLONGK                                 CAF4      1E      30       1   NON_BANKED  
     _FSFLOAT                                  CB12      12      18      20   NON_BANKED  
     _FSTRUNC                                  CB24      11      17       9   NON_BANKED  
     _FUTRUNC                                  CB35       3       3       4   NON_BANKED  
- VARIABLES:
MODULE:                 -- FMUL.C.o (ansixb.lib) --
- PROCEDURES:
     F_DIVKL                                   CB38      84     132       1   NON_BANKED  
     F_MULKL                                   CBBC      57      87       1   NON_BANKED  
     _FMUL                                     CC13      14      20      33   NON_BANKED  
     _FDIV                                     CC27      1E      30      13   NON_BANKED  
- VARIABLES:
MODULE:                 -- FREGS.C.o (ansixb.lib) --
- PROCEDURES:
     F_PULK                                    CC45      15      21       4   NON_BANKED  
     F_PULL                                    CC5A      15      21       5   NON_BANKED  
     F_PSHK                                    CC6F      13      19       6   NON_BANKED  
     F_TLK                                     CC82       D      13       2   NON_BANKED  
     F_XGKL                                    CC8F      21      33       2   NON_BANKED  
     F_CLRK                                    CCB0       B      11       2   NON_BANKED  
     F_MAXK                                    CCBB       9       9       2   NON_BANKED  
     F_NORMK                                   CCC4      37      55       4   NON_BANKED  
- VARIABLES:
MODULE:                 -- VREGS.C.o (ansixb.lib) --
- PROCEDURES:
     L_NEGK                                    CCFB       7       7       2   NON_BANKED  
     L_PSHK                                    CD02       8       8       1   NON_BANKED  
     SL_PULK                                   CD0A       A      10       1   NON_BANKED  
- VARIABLES:
MODULE:                 -- Check_Line.c.o --
- PROCEDURES:
     Start                                   FE9805      B9     185       2   .text       
     Check_Line_H                            FE98BE     137     311       8   .text       
     Check_Line_L                            FE99F5     56C    1388      38   .text       
- VARIABLES:
     CCD_L_trigger                             2141       2       2       2   .data       
     CCD_H_trigger                             2143       2       2       2   .data       
     CCD_obstacle_trigger                      2145       2       2       2   .data       
     CCD_obstacle_pianyi                       2147       2       2       4   .data       
     CCD_obstacle_over_1                       2149       2       2       4   .data       
     CCD_obstacle_over_2                       214B       2       2       7   .data       
     cross_flag_trigger                        214D       2       2       1   .data       
     cross_time_1                              214F       2       2       1   .data       
     cross_time_2                              2151       2       2       3   .data       
     Right_Angle_Left_juli                     2153       2       2       5   .data       
     Right_Angle_Right_juli                    2155       2       2       5   .data       
     Right_Angle_Left_r                        2157       2       2       4   .data       
     Right_Angle_Right_r                       2159       2       2       4   .data       
     Center_Line                               215B       2       2      11   .data       
     scan_width                                215D       2       2       2   .data       
     Left_Led_trigger                          215F       1       1       1   .data       
     Right_Led_trigger                         2160       1       1       1   .data       
     Center_Line_old                           21BD       4       4       3   .bss        
     cross_flag                                21C1       2       2       3   .bss        
     obstacle_flag_L                           21C3       2       2       6   .bss        
     obstacle_flag_R                           21C5       2       2       6   .bss        
     test_L                                    21C7       1       1       1   .bss        
     test_R                                    21C8       1       1       1   .bss        
     test_all                                  21C9       1       1       5   .bss        
     Right_Angle_flag                          21CA       2       2      11   .bss        
     Delay_Right_Angle                         21CC       2       2       3   .bss        
     L                                         231F       2       2      22   .common     
     H                                         2321       2       2       8   .common     
     L_F                                       2323       2       2       6   .common     
     R_F                                       2325       2       2       5   .common     
     L_F1                                      2327       2       2       4   .common     
     R_F1                                      2329       2       2       4   .common     
     L_F2                                      232B       2       2       4   .common     
     R_F2                                      232D       2       2       4   .common     
     Left_Line                                 232F       2       2       7   .common     
     Right_Line                                2331       2       2       5   .common     
     Left_Line1                                2333       2       2       3   .common     
     Right_Line1                               2335       2       2       4   .common     
     Left_Line2                                2337       2       2       4   .common     
     Right_Line2                               2339       2       2       3   .common     
     Left_Line_new                             233B       2       2      10   .common     
     Left_Line_old                             233D       2       2       3   .common     
     Right_Line_new                            233F       2       2      10   .common     
     Right_Line_old                            2341       2       2       2   .common     
     Center_Line_transform                     2343       4       4      10   .common     
     Center_Line_transform_old                 2347       4       4       4   .common     
     Center_Line_transform_new                 234B       4       4      19   .common     
     black_transform_save                      234F      30      48      40   .common     
     width                                     237F       2       2       2   .common     
     Center_Line_H                             2381       2       2       9   .common     
     Right_Line_H                              2383       2       2      14   .common     
     Left_Line_H                               2385       2       2      12   .common     
     width_H                                   2387       2       2       3   .common     
     Center_Line_obstacle                      2389       2       2       3   .common     
     delay1                                    238B       2       2       6   .common     
     Turn_L                                    238D       2       2       2   .common     
     Turn_R                                    238F       2       2       2   .common     
MODULE:                 -- Key.c.o --
- PROCEDURES:
     INIT_Key                                FE9F61       D      13       2   .text       
     key_press                               FE9F6E     1E6     486       9   .text       
     Key_Oled                                FEA154     34F     847      46   .text       
- VARIABLES:
     STRING.Direction..PID.1                   C702       F      15       1   .rodata1    
     STRING.P..2                               C711       3       3       1   .rodata1    
[...]
                                Pdot _FNEG Q_gyro Kalman_Filter Angle_err PCt_0 
                                PCt_1 R_angle E _FDIV K_0 K_1 t_0 t_1 
Angle_Calcu               USES GetData Accel_x Accel_y Accel_z gyro_zero 
                                _FSFLOAT _FDIV Gyro_y MPU6050_Get_Angle Angle_ax 
Speed_Adjust              USES _PWMDTY23 buchang_L Speed_Adjust _FADD _FUTRUNC 
                                _PWMDTY67 _PWMDTY01 buchang _PWMDTY45 Angle_Set Angle 
                                _FSUB _FCMP _FNEG _FSFLOAT 
Angle_Control             USES Angle_Control Angle_P _FMUL Gyro_y Angle_D 
                                _FADD _FSTRUNC Angle_Speed Direction_Speed Lx Rx 
                                Left_Speed_Cal _FSFLOAT _FSUB Left_Speed Right_Speed_Cal 
                                Right_Speed _FCMP Left_DeadMotor Right_DeadMotor Angle_Set 
                                Angle 
SpeedControl              USES Speed_Left_Get _FSFLOAT nSpeed_Left 
                                Speed_Right_Get nSpeed_Right _FADD _FDIV nSpeed _FMUL 
                                Speed_Set_in _FSUB nSpeed_Change Speed_Control_P Speed_P 
                                Speed_Control_I Speed_I Speed_Control_Integral Speed_New 
                                Speed_Old 
SpeedOutCal               USES Speed_Old Speed_New _FSUB coder_finish_flag 
                                _FSFLOAT _FDIV _FMUL _FADD _FSTRUNC Right_Speed_Cal 
                                Left_Speed_Cal 
INIT_PIT                  USES _PITCFLMT _PITCE _PITMTLD0 _PITLD0 _PITMUX 
                                _PACTL _DDRH _PITMTLD1 _PITLD1 _PITINTE 
ECT_Init                  USES _TIOS _TC0 _TC1 _TCTL3 _TSCR2 _TIE _TSCR1 
                                _PACTL _PACNT 
INIT_PWM                  USES _PWMPRCLK _PWMCTL _PWMPOL _PWMCLK _PWMCAE 
                                _PWMPER67 _PWMDTY67 _PWME _PWMPER23 _PWMDTY23 _PWMPER45 
                                _PWMDTY45 _PWMPER01 _PWMDTY01 
AD_Init                   USES _ATD0CTL45 _ATD0CTL23 _ATD0CTL01 
INIT_PLL                  USES _CLKSEL _PLLCTL _SYNR _REFDV _CRGFLG 
logb                      USES frexp 
is_special                USES _LCMP 
sqrt_r                    USES sqrt_r frexp _FMUL _FADD ldexp _FDIV 
sqrt                      USES is_special _CASE_CHECKED_BYTE infinity errno 
                                nan_union sqrt_r 
SetSign                   USES fabs _FNEG 
atan2                     USES errno atan2 is_special _CASE_CHECKED_BYTE 
                                SetSign fabs logb ldexp _FCMP _FADD _FMUL _FSTRUNC 
                                _FSUB _FDIV _FNEG 
atan                      USES atan2 
Start                     USES key_press Speed_Set_in Start_time_count 
                                Speed_Control_Integral test_all test_L test_R obstacle_flag_L 
                                obstacle_flag_R Center_Line width Speed_Set 
Check_Line_H              USES Right_Line_H Center_Line_H H Pixel_H 
                                Check_Line_H Left_Line_H width_H CCD_H_trigger 
Check_Line_L              USES L_F R_F L_F1 R_F1 L_F2 R_F2 Right_Line 
                                Center_Line scan_width L Check_Line_L Pixel_L Left_Line 
                                Left_Led Left_Led_trigger Right_Led Right_Led_trigger 
                                Delay_Right_Angle test_all Right_Angle_flag Left_Line_old 
                                PixelAverageValue cross_flag_trigger cross_flag Turn_R Turn_L 
                                Left_Line_H Right_Line_H Right_Angle_Right_juli 
                                Right_Line_new Right_Angle_Right_r Left_Line_new 
                                Right_Angle_Left_juli Right_Angle_Left_r width Right_Line1 
                                Left_Line1 Right_Line2 Left_Line2 obstacle_flag_L 
                                CCD_obstacle_pianyi Center_Line_obstacle obstacle_flag_R delay1 
                                CCD_obstacle_over_1 CCD_obstacle_over_2 Center_Line_transform 
                                _FDEC _FINC Center_Line_transform_new 
                                black_transform_save Center_Line_transform_old Center_Line_old 
                                Right_Line_old CCD_obstacle_trigger CCD_L_trigger _FSFLOAT 
INIT_Key                  USES _DDRAB _PUCR 
key_press                 USES _PORTAB key_press 
Key_Oled                  USES key_press _CASE_CHECKED Key_Oled CCD_Show_flag 
                                LCD_WrCmd key_F STRING.Direction..PID.1 LCD_Print 
                                STRING.P..2 Direction_Control_P STRING.....3 STRING.D..4 
                                Direction_Control_D STRING.Direction..PID.5 STRING.P..6 
                                Direction_P STRING.D..7 bb LCD_P8x16Str STRING.....8 
                                LCD_Fill STRING.Direction..PID.9 STRING.P..10 
                                STRING.D..11 key_pid_change STRING.Direction..PID.12 
                                STRING.P..13 STRING.D..14 Direction_D 
                                STRING.Direction..PID.15 STRING.P..16 STRING.D..17 
                                STRING.Direction..PID.18 STRING.P..19 STRING.D..20 
                                STRING.Direction..PID.21 STRING.P..22 STRING.D..23 OLED_CCD_SHOW 
                                Pixel_H LCD_PutPixel Left_Line_H Right_Line_H 
                                Center_Line_H Pixel_L Left_Line_new Right_Line_new 
                                Center_Line Center_Line_transform_new _FSUB _FUTRUNC aa 
                                trans_unsigned column LCD_PutPixel2 
DirectionControl          USES Center_Line_transform_new _FNEG _FSTRUNC 
                                cross_flag delay cross_time_2 cross_time_1 Center_Line_H 
                                _FSFLOAT Direction_Control_P Direction_P 
                                DirectionControl Direction_D Direction_Control_D 
                                Right_Angle_flag delay1 CCD_obstacle_over_2 Direction_New 
                                Direction_Old Center_Line_transform_old _FSUB _FMUL _FADD 
                                Direction_piece_flag 
DirectionOutCal           USES Direction_New Direction_Old _FSFLOAT 
                                Direction_piece_flag _FDIV _FMUL _FADD _FSTRUNC Direction_Speed 

*********************************************************************************************
DEPENDENCY TREE
*********************************************************************************************
 main and _Startup Group
 | 
 +- main                
 |  | 
 |  +- INIT_PLL            
 |  |    
 |  +- INIT_SCI            
 |  |    
 |  +- INIT_PWM            
 |  |    
 |  +- ECT_Init            
 |  |    
 |  +- LCD_Init            
 |  |  | 
 |  |  +- LCD_DLY_ms          
 |  |  |    
 |  |  +- LCD_Fill            
 |  |  |  | 
 |  |  |  +- LCD_WrCmd           
 |  |  |  |    
 |  |  |  +- LCD_WrDat           
 |  |  |       
 |  |  +- LCD_Set_Pos         
 |  |  |  | 
 |  |  |  +- LCD_WrCmd            (see above)
 |  |  |     
 |  |  +- LCD_WrCmd            (see above)
 |  |     
 |  +- InitMPU6050         
 |  |  | 
 |  |  +- Single_WriteI2C     
 |  |     | 
 |  |     +- I2C_Start           
 |  |     |  | 
 |  |     |  +- sda_high            
 |  |     |  |    
 |  |     |  +- scl_high            
 |  |     |  |    
 |  |     |  +- delayM              
 |  |     |  |    
 |  |     |  +- sda_low             
 |  |     |  |    
 |  |     |  +- scl_low             
 |  |     |       
 |  |     +- I2C_SendByte        
 |  |     |  | 
 |  |     |  +- _BSHL               
 |  |     |  |    
 |  |     |  +- sda_high             (see above)
 |  |     |  |  
 |  |     |  +- sda_low              (see above)
 |  |     |  |  
 |  |     |  +- scl_high             (see above)
 |  |     |  |  
 |  |     |  +- delayM               (see above)
 |  |     |  |  
 |  |     |  +- scl_low              (see above)
 |  |     |  |  
 |  |     |  +- I2C_RecvACK         
 |  |     |     | 
 |  |     |     +- scl_high             (see above)
 |  |     |     |  
 |  |     |     +- delayM               (see above)
 |  |     |     |  
 |  |     |     +- scl_low              (see above)
 |  |     |        
 |  |     +- I2C_Stop            
 |  |        | 
 |  |        +- sda_low              (see above)
 |  |        |  
 |  |        +- scl_high             (see above)
 |  |        |  
 |  |        +- delayM               (see above)
 |  |        |  
 |  |        +- sda_high             (see above)
 |  |           
 |  +- INIT_PIT            
 |  |    
 |  +- AD_Init             
 |  |    
 |  +- INIT_CCD            
 |  |    
 |  +- INIT_Key            
 |  |    
 |  +- LCD_WrCmd            (see above)
 |  |  
 |  +- Get_Gyro_Zero       
 |  |  | 
 |  |  +- GetData             
 |  |     | 
 |  |     +- Single_ReadI2C      
 |  |        | 
 |  |        +- I2C_Start            (see above)
 |  |        |  
 |  |        +- I2C_SendByte         (see above)
 |  |        |  
 |  |        +- I2C_RecvByte        
 |  |        |  | 
 |  |        |  +- sda_high             (see above)
 |  |        |  |  
 |  |        |  +- scl_high             (see above)
 |  |        |  |  
 |  |        |  +- delayM               (see above)
 |  |        |  |  
 |  |        |  +- scl_low              (see above)
 |  |        |     
 |  |        +- I2C_SendACK         
 |  |        |  | 
 |  |        |  +- sda_high             (see above)
 |  |        |  |  
 |  |        |  +- sda_low              (see above)
 |  |        |  |  
 |  |        |  +- scl_high             (see above)
 |  |        |  |  
 |  |        |  +- delayM               (see above)
 |  |        |  |  
 |  |        |  +- scl_low              (see above)
 |  |        |     
 |  |        +- I2C_Stop             (see above)
 |  |           
 |  +- Boma_Change         
 |  |    
 |  +- Angle_Calcu         
 |  |  | 
 |  |  +- GetData              (see above)
 |  |  |  
 |  |  +- _FSFLOAT            
 |  |  |  | 
 |  |  |  +- SL_PULK             
 |  |  |  |  | 
 |  |  |  |  +- L_NEGK              
 |  |  |  |     | 
 |  |  |  |     +- _NEG_P              
 |  |  |  |          
 |  |  |  +- F_FRLONGK           
 |  |  |  |    
 |  |  |  +- F_PSHK              
 |  |  |       
 |  |  +- _FDIV               
 |  |  |  | 
 |  |  |  +- F_PULL              
 |  |  |  |    
 |  |  |  +- F_PULK              
 |  |  |  |    
 |  |  |  +- F_DIVKL             
 |  |  |  |  | 
 |  |  |  |  +- F_MAXK              
 |  |  |  |  |  | 
 |  |  |  |  |  +- F_CLRK              
 |  |  |  |  |       
 |  |  |  |  +- F_NORMK             
 |  |  |  |     | 
 |  |  |  |     +- F_MAXK               (see above)
 |  |  |  |        
 |  |  |  +- F_PSHK               (see above)
 |  |  |     
 |  |  +- MPU6050_Get_Angle   
 |  |     | 
 |  |     +- _FMUL               
 |  |     |  | 
 |  |     |  +- F_PULK               (see above)
 |  |     |  |  
 |  |     |  +- F_PULL               (see above)
 |  |     |  |  
 |  |     |  +- F_MULKL             
 |  |     |  |  | 
 |  |     |  |  +- F_CLRK               (see above)
 |  |     |  |  |  
 |  |     |  |  +- F_NORMK              (see above)
 |  |     |  |     
 |  |     |  +- F_PSHK               (see above)
 |  |     |     
 |  |     +- sqrt                
 |  |     |  | 
 |  |     |  +- is_special          
 |  |     |  |  | 
 |  |     |  |  +- _LCMP               
 |  |     |  |       
 |  |     |  +- _CASE_CHECKED_BYTE  
 |  |     |  |    
 |  |     |  +- sqrt_r              
 |  |     |     | 
 |  |     |     +- frexp               
 |  |     |     |  | 
 |  |     |     |  +- frexpf              
 |  |     |     |     | 
 |  |     |     |     +- F_PULL               (see above)
 |  |     |     |     |  
 |  |     |     |     +- F_TLK               
 |  |     |     |     |    
 |  |     |     |     +- F_FREXP             
 |  |     |     |     |  | 
 |  |     |     |     |  +- F_NORMK              (see above)
 |  |     |     |     |     
 |  |     |     |     +- F_PSHK               (see above)
 |  |     |     |        
 |  |     |     +- _FMUL                (see above)
 |  |     |     |  
 |  |     |     +- _FADD               
 |  |     |     |  | 
 |  |     |     |  +- F_PULK               (see above)
 |  |     |     |  |  
 |  |     |     |  +- F_PULL               (see above)
 |  |     |     |  |  
 |  |     |     |  +- F_ADDKL             
 |  |     |     |  |  | 
 |  |     |     |  |  +- F_XGKL              
 |  |     |     |  |  |    
 |  |     |     |  |  +- F_NORMK              (see above)
 |  |     |     |  |     
 |  |     |     |  +- F_PSHK               (see above)
 |  |     |     |     
 |  |     |     +- ldexp               
 |  |     |     |  | 
 |  |     |     |  +- ldexpf              
 |  |     |     |     | 
 |  |     |     |     +- F_PULL               (see above)
 |  |     |     |     |  
 |  |     |     |     +- F_TLK                (see above)
 |  |     |     |     |  
 |  |     |     |     +- F_LDEXP             
 |  |     |     |     |    
 |  |     |     |     +- F_PSHK               (see above)
 |  |     |     |     |  
 |  |     |     |     +- RetErrDom           
 |  |     |     |          
 |  |     |     +- _FDIV                (see above)
 |  |     |        
 |  |     +- _FDIV                (see above)
 |  |     |  
 |  |     +- atan                
 |  |        | 
 |  |        +- atan2               
 |  |           | 
 |  |           +- is_special           (see above)
 |  |           |  
 |  |           +- _CASE_CHECKED_BYTE   (see above)
 |  |           |  
 |  |           +- SetSign             
 |  |           |  | 
 |  |           |  +- fabs                
 |  |           |  |    
 |  |           |  +- _FNEG               
 |  |           |       
 |  |           +- fabs                 (see above)
 |  |           |  
 |  |           +- logb                
 |  |           |  | 
 |  |           |  +- frexp                (see above)
 |  |           |     
 |  |           +- ldexp                (see above)
 |  |           |  
 |  |           +- _FCMP               
 |  |           |    
 |  |           +- _FADD                (see above)
 |  |           |  
 |  |           +- _FMUL                (see above)
 |  |           |  
 |  |           +- _FSTRUNC            
 |  |           |  | 
 |  |           |  +- F_PULK               (see above)
 |  |           |  |  
 |  |           |  +- F_TOLONGK           
 |  |           |  |    
 |  |           |  +- L_PSHK              
 |  |           |     | 
 |  |           |     +- L_NEGK               (see above)
 |  |           |        
 |  |           +- _FSUB               
 |  |           |  | 
 |  |           |  +- _FADD                (see above)
 |  |           |     
 |  |           +- _FDIV                (see above)
 |  |           |  
 |  |           +- _FNEG                (see above)
 |  |              
 |  +- Key_Oled            
 |     | 
 |     +- key_press           
 |     |    
 |     +- _CASE_CHECKED       
 |     |    
 |     +- LCD_WrCmd            (see above)
 |     |  
 |     +- LCD_Print           
 |     |  | 
 |     |  +- LCD_P14x16Str       
 |     |  |  | 
 |     |  |  +- LCD_Set_Pos          (see above)
 |     |  |  |  
 |     |  |  +- LCD_WrDat            (see above)
 |     |  |     
 |     |  +- LCD_P8x16Str        
 |     |     | 
 |     |     +- LCD_Set_Pos          (see above)
 |     |     |  
 |     |     +- LCD_WrDat            (see above)
 |     |        
 |     +- LCD_P8x16Str         (see above)
 |     |  
 |     +- LCD_Fill             (see above)
 |     |  
 |     +- LCD_PutPixel        
 |     |  | 
 |     |  +- _BSHL                (see above)
 |     |  |  
 |     |  +- LCD_WrCmd            (see above)
 |     |  |  
 |     |  +- LCD_WrDat            (see above)
 |     |     
 |     +- _FSUB                (see above)
 |     |  
 |     +- _FUTRUNC            
 |     |  | 
 |     |  +- _FSTRUNC             (see above)
 |     |     
 |     +- trans_unsigned      
 |     |    
 |     +- LCD_PutPixel2       
 |        | 
 |        +- LCD_WrCmd            (see above)
 |        |  
 |        +- LCD_WrDat            (see above)
 |           
 +- _Startup            
    | 
    +- Init                
    |    
    +- main                 (see above)
       
 _Vector_67          
 | 
 +- Timer_5ms           
    | 
    +- Kalman_Filter       
    |  | 
    |  +- _FSUB                (see above)
    |  |  
    |  +- _FMUL                (see above)
    |  |  
    |  +- _FADD                (see above)
    |  |  
    |  +- _FNEG                (see above)
    |  |  
    |  +- _FDIV                (see above)
    |     
    +- _FCMP                (see above)
    |  
    +- Start               
    |  | 
    |  +- key_press            (see above)
    |     
    +- SpeedControl        
    |  | 
    |  +- _FSFLOAT             (see above)
    |  |  
    |  +- _FADD                (see above)
    |  |  
    |  +- _FDIV                (see above)
    |  |  
    |  +- _FMUL                (see above)
    |  |  
    |  +- _FSUB                (see above)
    |     
    +- key_press            (see above)
    |  
    +- SpeedOutCal         
    |  | 
    |  +- _FSUB                (see above)
    |  |  
    |  +- _FSFLOAT             (see above)
    |  |  
    |  +- _FDIV                (see above)
    |  |  
    |  +- _FMUL                (see above)
    |  |  
    |  +- _FADD                (see above)
    |  |  
    |  +- _FSTRUNC             (see above)
    |     
    +- Check_Line_H        
    |    
    +- Check_Line_L        
    |  | 
    |  +- _FDEC               
    |  |  | 
    |  |  +- _FADD                (see above)
    |  |     
    |  +- _FINC               
    |  |  | 
    |  |  +- _FADD                (see above)
    |  |     
    |  +- _FSFLOAT             (see above)
    |     
    +- DirectionControl    
    |  | 
    |  +- _FNEG                (see above)
    |  |  
    |  +- _FSTRUNC             (see above)
    |  |  
    |  +- _FSFLOAT             (see above)
    |  |  
    |  +- _FSUB                (see above)
    |  |  
    |  +- _FMUL                (see above)
    |  |  
    |  +- _FADD                (see above)
    |     
    +- DirectionOutCal     
    |  | 
    |  +- _FSFLOAT             (see above)
    |  |  
    |  +- _FDIV                (see above)
    |  |  
    |  +- _FMUL                (see above)
    |  |  
    |  +- _FADD                (see above)
    |  |  
    |  +- _FSTRUNC             (see above)
    |     
    +- Angle_Control       
    |  | 
    |  +- _FMUL                (see above)
    |  |  
    |  +- _FADD                (see above)
    |  |  
    |  +- _FSTRUNC             (see above)
    |  |  
    |  +- _FSFLOAT             (see above)
    |  |  
    |  +- _FSUB                (see above)
    |  |  
    |  +- _FCMP                (see above)
    |     
    +- _FSFLOAT             (see above)
    |  
    +- Speed_Adjust        
       | 
       +- _FADD                (see above)
       |  
       +- _FUTRUNC             (see above)
       |  
       +- _FSUB                (see above)
       |  
       +- _FCMP                (see above)
       |  
       +- _FNEG                (see above)
       |  
       +- _FSFLOAT             (see above)
          
 _Vector_8           
 | 
 +- Timer0_ECT          
    | 
    +- StartIntegration    
    |    
    +- ImageCapture        
    |    
    +- CalculateIntegrationTime
       | 
       +- PixelAverage        
            
 _Vector_24          
 | 
 +- Start_Stop          
      
*********************************************************************************************
STATISTIC SECTION
---------------------------------------------------------------------------------------------

ExeFile:
--------
Number of blocks to be downloaded: 11
Total size of all blocks to be downloaded: 13260

